
> ipb-pre-loved@1.0.0 build
> next build

  ▲ Next.js 15.0.0

   Creating an optimized production build ...
Failed to compile.

./src/middleware.js:2:1
Module not found: Can't resolve '@/lib/auth'
[0m [90m 1 |[39m [36mimport[39m [33mNextAuth[39m [36mfrom[39m [32m"next-auth"[39m[33m;[39m[0m
[0m[31m[1m>[22m[39m[90m 2 |[39m [36mimport[39m { getAuthConfig } [36mfrom[39m [32m"@/lib/auth"[39m[33m;[39m[0m
[0m [90m   |[39m [31m[1m^[22m[39m[0m
[0m [90m 3 |[39m[0m
[0m [90m 4 |[39m [90m// In middleware, standard process.env is usually sufficient because NextAuth [39m[0m
[0m [90m 5 |[39m [90m// mainly uses AUTH_SECRET from here to decode the JWT cookie.[39m[0m

https://nextjs.org/docs/messages/module-not-found

./src/app/api/auth/[...nextauth]/route.js:2:1
Module not found: Can't resolve '@/lib/auth'
[0m [90m 1 |[39m [36mimport[39m [33mNextAuth[39m [36mfrom[39m [32m"next-auth"[39m[33m;[39m[0m
[0m[31m[1m>[22m[39m[90m 2 |[39m [36mimport[39m { getAuthConfig } [36mfrom[39m [32m"@/lib/auth"[39m[33m;[39m[0m
[0m [90m   |[39m [31m[1m^[22m[39m[0m
[0m [90m 3 |[39m[0m
[0m [90m 4 |[39m [36mexport[39m [36mconst[39m runtime [33m=[39m [32m"edge"[39m[33m;[39m[0m
[0m [90m 5 |[39m[0m

https://nextjs.org/docs/messages/module-not-found

Import trace for requested module:
./node_modules/next/dist/build/webpack/loaders/next-edge-app-route-loader/index.js?absolutePagePath=private-next-app-dir%2Fapi%2Fauth%2F%5B...nextauth%5D%2Froute.js&page=%2Fapi%2Fauth%2F%5B...nextauth%5D%2Froute&appDirLoader=bmV4dC1hcHAtbG9hZGVyP25hbWU9YXBwJTJGYXBpJTJGYXV0aCUyRiU1Qi4uLm5leHRhdXRoJTVEJTJGcm91dGUmcGFnZT0lMkZhcGklMkZhdXRoJTJGJTVCLi4ubmV4dGF1dGglNUQlMkZyb3V0ZSZwYWdlUGF0aD1wcml2YXRlLW5leHQtYXBwLWRpciUyRmFwaSUyRmF1dGglMkYlNUIuLi5uZXh0YXV0aCU1RCUyRnJvdXRlLmpzJmFwcERpcj0lMkZob21lJTJGbGVub3ZvJTJGcHJvamVjdHMlMkZJUEItUHJlLUxvdmVkJTJGc3JjJTJGYXBwJmFwcFBhdGhzPSUyRmFwaSUyRmF1dGglMkYlNUIuLi5uZXh0YXV0aCU1RCUyRnJvdXRlJnBhZ2VFeHRlbnNpb25zPXRzeCZwYWdlRXh0ZW5zaW9ucz10cyZwYWdlRXh0ZW5zaW9ucz1qc3gmcGFnZUV4dGVuc2lvbnM9anMmYmFzZVBhdGg9JmFzc2V0UHJlZml4PSZuZXh0Q29uZmlnT3V0cHV0PSZmbHlpbmdTaHV0dGxlPWZhbHNlJnByZWZlcnJlZFJlZ2lvbj0mbWlkZGxld2FyZUNvbmZpZz1lMzAlM0Qh&nextConfig=eyJlbnYiOnt9LCJ3ZWJwYWNrIjpudWxsLCJlc2xpbnQiOnsiaWdub3JlRHVyaW5nQnVpbGRzIjpmYWxzZX0sInR5cGVzY3JpcHQiOnsiaWdub3JlQnVpbGRFcnJvcnMiOmZhbHNlLCJ0c2NvbmZpZ1BhdGgiOiJ0c2NvbmZpZy5qc29uIn0sImRpc3REaXIiOiIubmV4dCIsImNsZWFuRGlzdERpciI6dHJ1ZSwiYXNzZXRQcmVmaXgiOiIiLCJjYWNoZU1heE1lbW9yeVNpemUiOjUyNDI4ODAwLCJjb25maWdPcmlnaW4iOiJuZXh0LmNvbmZpZy5tanMiLCJ1c2VGaWxlU3lzdGVtUHVibGljUm91dGVzIjp0cnVlLCJnZW5lcmF0ZUV0YWdzIjp0cnVlLCJwYWdlRXh0ZW5zaW9ucyI6WyJ0c3giLCJ0cyIsImpzeCIsImpzIl0sInBvd2VyZWRCeUhlYWRlciI6dHJ1ZSwiY29tcHJlc3MiOnRydWUsImltYWdlcyI6eyJkZXZpY2VTaXplcyI6WzY0MCw3NTAsODI4LDEwODAsMTIwMCwxOTIwLDIwNDgsMzg0MF0sImltYWdlU2l6ZXMiOlsxNiwzMiw0OCw2NCw5NiwxMjgsMjU2LDM4NF0sInBhdGgiOiIvX25leHQvaW1hZ2UiLCJsb2FkZXIiOiJkZWZhdWx0IiwibG9hZGVyRmlsZSI6IiIsImRvbWFpbnMiOltdLCJkaXNhYmxlU3RhdGljSW1hZ2VzIjpmYWxzZSwibWluaW11bUNhY2hlVFRMIjo2MCwiZm9ybWF0cyI6WyJpbWFnZS93ZWJwIl0sImRhbmdlcm91c2x5QWxsb3dTVkciOmZhbHNlLCJjb250ZW50U2VjdXJpdHlQb2xpY3kiOiJzY3JpcHQtc3JjICdub25lJzsgZnJhbWUtc3JjICdub25lJzsgc2FuZGJveDsiLCJjb250ZW50RGlzcG9zaXRpb25UeXBlIjoiYXR0YWNobWVudCIsInJlbW90ZVBhdHRlcm5zIjpbXSwidW5vcHRpbWl6ZWQiOmZhbHNlfSwiZGV2SW5kaWNhdG9ycyI6eyJhcHBJc3JTdGF0dXMiOnRydWUsImJ1aWxkQWN0aXZpdHkiOnRydWUsImJ1aWxkQWN0aXZpdHlQb3NpdGlvbiI6ImJvdHRvbS1yaWdodCJ9LCJvbkRlbWFuZEVudHJpZXMiOnsibWF4SW5hY3RpdmVBZ2UiOjYwMDAwLCJwYWdlc0J1ZmZlckxlbmd0aCI6NX0sImFtcCI6eyJjYW5vbmljYWxCYXNlIjoiIn0sImJhc2VQYXRoIjoiIiwic2Fzc09wdGlvbnMiOnt9LCJ0cmFpbGluZ1NsYXNoIjpmYWxzZSwiaTE4biI6bnVsbCwicHJvZHVjdGlvbkJyb3dzZXJTb3VyY2VNYXBzIjpmYWxzZSwiZXhjbHVkZURlZmF1bHRNb21lbnRMb2NhbGVzIjp0cnVlLCJzZXJ2ZXJSdW50aW1lQ29uZmlnIjp7fSwicHVibGljUnVudGltZUNvbmZpZyI6e30sInJlYWN0UHJvZHVjdGlvblByb2ZpbGluZyI6ZmFsc2UsInJlYWN0U3RyaWN0TW9kZSI6bnVsbCwicmVhY3RNYXhIZWFkZXJzTGVuZ3RoIjo2MDAwLCJodHRwQWdlbnRPcHRpb25zIjp7ImtlZXBBbGl2ZSI6dHJ1ZX0sImxvZ2dpbmciOnt9LCJleHBpcmVUaW1lIjozMTUzNjAwMCwic3RhdGljUGFnZUdlbmVyYXRpb25UaW1lb3V0Ijo2MCwibW9kdWxhcml6ZUltcG9ydHMiOnsiQG11aS9pY29ucy1tYXRlcmlhbCI6eyJ0cmFuc2Zvcm0iOiJAbXVpL2ljb25zLW1hdGVyaWFsL3t7bWVtYmVyfX0ifSwibG9kYXNoIjp7InRyYW5zZm9ybSI6ImxvZGFzaC97e21lbWJlcn19In19LCJvdXRwdXRGaWxlVHJhY2luZ1Jvb3QiOiIvaG9tZS9sZW5vdm8vcHJvamVjdHMvSVBCLVByZS1Mb3ZlZCIsImV4cGVyaW1lbnRhbCI6eyJjYWNoZUxpZmUiOnsiZGVmYXVsdCI6eyJzdGFsZSI6MzAwLCJyZXZhbGlkYXRlIjo5MDAsImV4cGlyZSI6NDI5NDk2NzI5NH0sInNlY29uZHMiOnsic3RhbGUiOjAsInJldmFsaWRhdGUiOjEsImV4cGlyZSI6MX0sIm1pbnV0ZXMiOnsic3RhbGUiOjMwMCwicmV2YWxpZGF0ZSI6NjAsImV4cGlyZSI6MzYwMH0sImhvdXJzIjp7InN0YWxlIjozMDAsInJldmFsaWRhdGUiOjM2MDAsImV4cGlyZSI6ODY0MDB9LCJkYXlzIjp7InN0YWxlIjozMDAsInJldmFsaWRhdGUiOjg2NDAwLCJleHBpcmUiOjYwNDgwMH0sIndlZWtzIjp7InN0YWxlIjozMDAsInJldmFsaWRhdGUiOjYwNDgwMCwiZXhwaXJlIjoyNTkyMDAwfSwibWF4Ijp7InN0YWxlIjozMDAsInJldmFsaWRhdGUiOjI1OTIwMDAsImV4cGlyZSI6NDI5NDk2NzI5NH19LCJjYWNoZUhhbmRsZXJzIjp7fSwibXVsdGlab25lRHJhZnRNb2RlIjpmYWxzZSwiYXBwTmF2RmFpbEhhbmRsaW5nIjpmYWxzZSwicHJlcmVuZGVyRWFybHlFeGl0Ijp0cnVlLCJzZXJ2ZXJNaW5pZmljYXRpb24iOnRydWUsInNlcnZlclNvdXJjZU1hcHMiOmZhbHNlLCJsaW5rTm9Ub3VjaFN0YXJ0IjpmYWxzZSwiY2FzZVNlbnNpdGl2ZVJvdXRlcyI6ZmFsc2UsInByZWxvYWRFbnRyaWVzT25TdGFydCI6dHJ1ZSwiY2xpZW50Um91dGVyRmlsdGVyIjp0cnVlLCJjbGllbnRSb3V0ZXJGaWx0ZXJSZWRpcmVjdHMiOmZhbHNlLCJmZXRjaENhY2hlS2V5UHJlZml4IjoiIiwibWlkZGxld2FyZVByZWZldGNoIjoiZmxleGlibGUiLCJvcHRpbWlzdGljQ2xpZW50Q2FjaGUiOnRydWUsIm1hbnVhbENsaWVudEJhc2VQYXRoIjpmYWxzZSwiY3B1cyI6MTUsIm1lbW9yeUJhc2VkV29ya2Vyc0NvdW50IjpmYWxzZSwiaXNyRmx1c2hUb0Rpc2siOnRydWUsIndvcmtlclRocmVhZHMiOmZhbHNlLCJvcHRpbWl6ZUNzcyI6ZmFsc2UsIm5leHRTY3JpcHRXb3JrZXJzIjpmYWxzZSwic2Nyb2xsUmVzdG9yYXRpb24iOmZhbHNlLCJleHRlcm5hbERpciI6ZmFsc2UsImRpc2FibGVPcHRpbWl6ZWRMb2FkaW5nIjpmYWxzZSwiZ3ppcFNpemUiOnRydWUsImNyYUNvbXBhdCI6ZmFsc2UsImVzbUV4dGVybmFscyI6dHJ1ZSwiZnVsbHlTcGVjaWZpZWQiOmZhbHNlLCJzd2NUcmFjZVByb2ZpbGluZyI6ZmFsc2UsImZvcmNlU3djVHJhbnNmb3JtcyI6ZmFsc2UsImxhcmdlUGFnZURhdGFCeXRlcyI6MTI4MDAwLCJ0dXJibyI6eyJyb290IjoiL2hvbWUvbGVub3ZvL3Byb2plY3RzL0lQQi1QcmUtTG92ZWQifSwidHlwZWRSb3V0ZXMiOmZhbHNlLCJ0eXBlZEVudiI6ZmFsc2UsInBhcmFsbGVsU2VydmVyQ29tcGlsZXMiOmZhbHNlLCJwYXJhbGxlbFNlcnZlckJ1aWxkVHJhY2VzIjpmYWxzZSwicHByIjpmYWxzZSwid2VicGFja01lbW9yeU9wdGltaXphdGlvbnMiOmZhbHNlLCJvcHRpbWl6ZVNlcnZlclJlYWN0Ijp0cnVlLCJ1c2VFYXJseUltcG9ydCI6ZmFsc2UsInN0YWxlVGltZXMiOnsiZHluYW1pYyI6MCwic3RhdGljIjozMDB9LCJhZnRlciI6ZmFsc2UsInNlcnZlckNvbXBvbmVudHNIbXJDYWNoZSI6dHJ1ZSwic3RhdGljR2VuZXJhdGlvbk1heENvbmN1cnJlbmN5Ijo4LCJzdGF0aWNHZW5lcmF0aW9uTWluUGFnZXNQZXJXb3JrZXIiOjI1LCJkeW5hbWljSU8iOmZhbHNlLCJvcHRpbWl6ZVBhY2thZ2VJbXBvcnRzIjpbImx1Y2lkZS1yZWFjdCIsImRhdGUtZm5zIiwibG9kYXNoLWVzIiwicmFtZGEiLCJhbnRkIiwicmVhY3QtYm9vdHN0cmFwIiwiYWhvb2tzIiwiQGFudC1kZXNpZ24vaWNvbnMiLCJAaGVhZGxlc3N1aS9yZWFjdCIsIkBoZWFkbGVzc3VpLWZsb2F0L3JlYWN0IiwiQGhlcm9pY29ucy9yZWFjdC8yMC9zb2xpZCIsIkBoZXJvaWNvbnMvcmVhY3QvMjQvc29saWQiLCJAaGVyb2ljb25zL3JlYWN0LzI0L291dGxpbmUiLCJAdmlzeC92aXN4IiwiQHRyZW1vci9yZWFjdCIsInJ4anMiLCJAbXVpL21hdGVyaWFsIiwiQG11aS9pY29ucy1tYXRlcmlhbCIsInJlY2hhcnRzIiwicmVhY3QtdXNlIiwiZWZmZWN0IiwiQGVmZmVjdC9zY2hlbWEiLCJAZWZmZWN0L3BsYXRmb3JtIiwiQGVmZmVjdC9wbGF0Zm9ybS1ub2RlIiwiQGVmZmVjdC9wbGF0Zm9ybS1icm93c2VyIiwiQGVmZmVjdC9wbGF0Zm9ybS1idW4iLCJAZWZmZWN0L3NxbCIsIkBlZmZlY3Qvc3FsLW1zc3FsIiwiQGVmZmVjdC9zcWwtbXlzcWwyIiwiQGVmZmVjdC9zcWwtcGciLCJAZWZmZWN0L3NxbC1zcXVsaXRlLW5vZGUiLCJAZWZmZWN0L3NxbC1zcXVsaXRlLWJ1biIsIkBlZmZlY3Qvc3FsLXNxdWxpdGUtd2FzbSIsIkBlZmZlY3Qvc3FsLXNxdWxpdGUtcmVhY3QtbmF0aXZlIiwiQGVmZmVjdC9ycGMiLCJAZWZmZWN0L3JwYy1odHRwIiwiQGVmZmVjdC90eXBlY2xhc3MiLCJAZWZmZWN0L2V4cGVyaW1lbnRhbCIsIkBlZmZlY3Qvb3BlbnRlbGVtZXRyeSIsIkBtYXRlcmlhbC11aS9jb3JlIiwiQG1hdGVyaWFsLXVpL2ljb25zIiwiQHRhYmxlci9pY29ucy1yZWFjdCIsIm11aS1jb3JlIiwicmVhY3QtaWNvbnMvYWkiLCJyZWFjdC1pY29ucy9iaSIsInJlYWN0LWljb25zL2JzIiwicmVhY3QtaWNvbnMvY2ciLCJyZWFjdC1pY29ucy9jaSIsInJlYWN0LWljb25zL2RpIiwicmVhY3QtaWNvbnMvZmEiLCJyZWFjdC1pY29ucy9mYTYiLCJyZWFjdC1pY29ucy9mYyIsInJlYWN0LWljb25zL2ZpIiwicmVhY3QtaWNvbnMvZ2kiLCJyZWFjdC1pY29ucy9nbyIsInJlYWN0LWljb25zL2dyIiwicmVhY3QtaWNvbnMvaGkiLCJyZWFjdC1pY29ucy9oaTIiLCJyZWFjdC1pY29ucy9pbSIsInJlYWN0LWljb25zL2lvIiwicmVhY3QtaWNvbnMvaW81IiwicmVhY3QtaWNvbnMvbGlhIiwicmVhY3QtaWNvbnMvbGliIiwicmVhY3QtaWNvbnMvbHUiLCJyZWFjdC1pY29ucy9tZCIsInJlYWN0LWljb25zL3BpIiwicmVhY3QtaWNvbnMvcmkiLCJyZWFjdC1pY29ucy9yeCIsInJlYWN0LWljb25zL3NpIiwicmVhY3QtaWNvbnMvc2wiLCJyZWFjdC1pY29ucy90YiIsInJlYWN0LWljb25zL3RmaSIsInJlYWN0LWljb25zL3RpIiwicmVhY3QtaWNvbnMvdnNjIiwicmVhY3QtaWNvbnMvd2kiXX0sImJ1bmRsZVBhZ2VzUm91dGVyRGVwZW5kZW5jaWVzIjpmYWxzZSwiY29uZmlnRmlsZSI6Ii9ob21lL2xlbm92by9wcm9qZWN0cy9JUEItUHJlLUxvdmVkL25leHQuY29uZmlnLm1qcyIsImNvbmZpZ0ZpbGVOYW1lIjoibmV4dC5jb25maWcubWpzIn0%3D&preferredRegion=&middlewareConfig=e30%3D!


> Build failed because of webpack errors
